GNU bash, version 4.4.20(1)-release (x86_64-pc-linux-gnu)
b main
Breakpoint 1 at 0x8ab: file p4original.c, line 39.
(gdb) r
Starting program: /home/runner/pps-IA1-practice/a.out 
warning: Error disabling address space randomization: Operation not permitted

Breakpoint 1, main () at p4original.c:39
39  {
(gdb) n
41    n = input_array_size();
(gdb) n
Enter length of array: 5
42    int a[n];
(gdb) n
43    input_array(n, a);
(gdb) n
Enter a number to input: 1
Enter a number to input: 3
Enter a number to input: 2
Enter a number to input: 5
Enter a number to input: 4
44    sum = sum_n_arrays(n, a);
(gdb) n
45    output(n, a, sum);
(gdb) n
1+3+2+5+4 is 15
46    return 0;
(gdb) c
Continuing.
[Inferior 1 (process 53) exited normally]
(gdb) 



